[08-Sep-2026 07:53:33 Europe/Berlin] Failed to insert into admins table: SQLSTATE[23000]: Integrity constraint violation: 1062 Duplicate entry 'Oremin Ore' for key 'username'
[08-Sep-2026 12:09:51 Europe/Berlin] Updated admin in admins table: iyami66339@gmail.com
[08-Sep-2026 12:09:51 Europe/Berlin] PHP Fatal error:  Uncaught Error: Call to undefined method PDOStatement::close() in C:\xampp\htdocs\baleeg\api\members.php:482
Stack trace:
#0 C:\xampp\htdocs\baleeg\api\members.php(76): updateMember(Object(PDO), '32')
#1 {main}
  thrown in C:\xampp\htdocs\baleeg\api\members.php on line 482
[08-Sep-2026 12:09:56 Europe/Berlin] Updated admin in admins table: iyami66339@gmail.com
[08-Sep-2026 12:09:56 Europe/Berlin] PHP Fatal error:  Uncaught Error: Call to undefined method PDOStatement::close() in C:\xampp\htdocs\baleeg\api\members.php:482
Stack trace:
#0 C:\xampp\htdocs\baleeg\api\members.php(76): updateMember(Object(PDO), '32')
#1 {main}
  thrown in C:\xampp\htdocs\baleeg\api\members.php on line 482
[08-Sep-2026 12:12:22 Europe/Berlin] Removed admin from admins table: iyami66339@gmail.com
[08-Sep-2026 12:12:34 Europe/Berlin] Updated admin in admins table: iyami66339@gmail.com
[08-Sep-2026 12:12:34 Europe/Berlin] PHP Fatal error:  Uncaught Error: Call to undefined method PDOStatement::close() in C:\xampp\htdocs\baleeg\api\members.php:567
Stack trace:
#0 C:\xampp\htdocs\baleeg\api\members.php(76): updateMember(Object(PDO), '32')
#1 {main}
  thrown in C:\xampp\htdocs\baleeg\api\members.php on line 567
[08-Sep-2026 12:12:36 Europe/Berlin] Updated admin in admins table: iyami66339@gmail.com
[08-Sep-2026 12:12:36 Europe/Berlin] PHP Fatal error:  Uncaught Error: Call to undefined method PDOStatement::close() in C:\xampp\htdocs\baleeg\api\members.php:567
Stack trace:
#0 C:\xampp\htdocs\baleeg\api\members.php(76): updateMember(Object(PDO), '32')
#1 {main}
  thrown in C:\xampp\htdocs\baleeg\api\members.php on line 567
[08-Sep-2026 12:12:37 Europe/Berlin] Updated admin in admins table: iyami66339@gmail.com
[08-Sep-2026 12:12:37 Europe/Berlin] PHP Fatal error:  Uncaught Error: Call to undefined method PDOStatement::close() in C:\xampp\htdocs\baleeg\api\members.php:567
Stack trace:
#0 C:\xampp\htdocs\baleeg\api\members.php(76): updateMember(Object(PDO), '32')
#1 {main}
  thrown in C:\xampp\htdocs\baleeg\api\members.php on line 567
[08-Sep-2026 12:12:37 Europe/Berlin] Updated admin in admins table: iyami66339@gmail.com
[08-Sep-2026 12:12:37 Europe/Berlin] PHP Fatal error:  Uncaught Error: Call to undefined method PDOStatement::close() in C:\xampp\htdocs\baleeg\api\members.php:567
Stack trace:
#0 C:\xampp\htdocs\baleeg\api\members.php(76): updateMember(Object(PDO), '32')
#1 {main}
  thrown in C:\xampp\htdocs\baleeg\api\members.php on line 567
[08-Sep-2026 12:12:38 Europe/Berlin] Updated admin in admins table: iyami66339@gmail.com
[08-Sep-2026 12:12:38 Europe/Berlin] PHP Fatal error:  Uncaught Error: Call to undefined method PDOStatement::close() in C:\xampp\htdocs\baleeg\api\members.php:567
Stack trace:
#0 C:\xampp\htdocs\baleeg\api\members.php(76): updateMember(Object(PDO), '32')
#1 {main}
  thrown in C:\xampp\htdocs\baleeg\api\members.php on line 567
[08-Sep-2026 12:12:47 Europe/Berlin] Updated admin in admins table: iyami66339@gmail.com
[08-Sep-2026 12:12:47 Europe/Berlin] PHP Fatal error:  Uncaught Error: Call to undefined method PDOStatement::close() in C:\xampp\htdocs\baleeg\api\members.php:567
Stack trace:
#0 C:\xampp\htdocs\baleeg\api\members.php(76): updateMember(Object(PDO), '32')
#1 {main}
  thrown in C:\xampp\htdocs\baleeg\api\members.php on line 567
[08-Sep-2026 12:12:56 Europe/Berlin] Updated admin in admins table: iyami66339@gmail.com
[08-Sep-2026 12:12:56 Europe/Berlin] PHP Fatal error:  Uncaught Error: Call to undefined method PDOStatement::close() in C:\xampp\htdocs\baleeg\api\members.php:567
Stack trace:
#0 C:\xampp\htdocs\baleeg\api\members.php(76): updateMember(Object(PDO), '32')
#1 {main}
  thrown in C:\xampp\htdocs\baleeg\api\members.php on line 567
[08-Sep-2026 12:17:43 Europe/Berlin] Updated admin in admins table: iyami66339@gmail.com
[08-Sep-2026 12:17:43 Europe/Berlin] PHP Fatal error:  Uncaught Error: Call to undefined method PDOStatement::close() in C:\xampp\htdocs\baleeg\api\members.php:571
Stack trace:
#0 C:\xampp\htdocs\baleeg\api\members.php(76): updateMember(Object(PDO), '32')
#1 {main}
  thrown in C:\xampp\htdocs\baleeg\api\members.php on line 571
[08-Sep-2026 12:18:12 Europe/Berlin] Updated admin in admins table: iyami66339@gmail.com
[08-Sep-2026 12:18:12 Europe/Berlin] PHP Fatal error:  Uncaught Error: Call to undefined method PDOStatement::close() in C:\xampp\htdocs\baleeg\api\members.php:571
Stack trace:
#0 C:\xampp\htdocs\baleeg\api\members.php(76): updateMember(Object(PDO), '32')
#1 {main}
  thrown in C:\xampp\htdocs\baleeg\api\members.php on line 571
[08-Sep-2026 12:19:16 Europe/Berlin] Failed to insert into admins table: SQLSTATE[23000]: Integrity constraint violation: 1062 Duplicate entry 'Iyami Babami' for key 'username'
[09-Sep-2026 16:26:35 Europe/Berlin] === LOAN PAYMENT REQUEST ===
[09-Sep-2026 16:26:35 Europe/Berlin] Method: OPTIONS
[09-Sep-2026 16:26:35 Europe/Berlin] Input: 
[09-Sep-2026 16:26:35 Europe/Berlin] === LOAN PAYMENT REQUEST ===
[09-Sep-2026 16:26:35 Europe/Berlin] Method: POST
[09-Sep-2026 16:26:35 Europe/Berlin] Input: Array
(
    [loan_id] => 4
    [user_id] => 35
    [amount] => 20000
    [payment_date] => 2026-09-09 14:26:35
    [note] => Payment for loan #4
)

[09-Sep-2026 16:26:35 Europe/Berlin] Payment Request - Loan ID: 4, User ID: 35, Amount: 20000
[09-Sep-2026 16:26:35 Europe/Berlin] Loan found: Array
(
    [id] => 4
    [user_id] => 35
    [amount] => 30000.00
    [interest] => 0.00
    [total_payable] => 30000.00
    [duration_months] => 6
    [monthly_payment] => 5000.00
    [status] => approved
    [request_date] => 2026-09-09 14:25:26
    [approval_date] => 2026-09-09 15:26:01
    [completion_date] => 
    [updated_at] => 2026-09-09 15:26:01
    [total_paid] => 0.00
)

[09-Sep-2026 16:26:35 Europe/Berlin] Total paid: 20000, Remaining: 10000
[09-Sep-2026 16:26:41 Europe/Berlin] === LOAN PAYMENT REQUEST ===
[09-Sep-2026 16:26:41 Europe/Berlin] Method: OPTIONS
[09-Sep-2026 16:26:41 Europe/Berlin] Input: 
[09-Sep-2026 16:26:41 Europe/Berlin] === LOAN PAYMENT REQUEST ===
[09-Sep-2026 16:26:41 Europe/Berlin] Method: POST
[09-Sep-2026 16:26:41 Europe/Berlin] Input: Array
(
    [loan_id] => 4
    [user_id] => 35
    [amount] => 20000
    [payment_date] => 2026-09-09 14:26:41
    [note] => Payment for loan #4
)

[09-Sep-2026 16:26:41 Europe/Berlin] Payment Request - Loan ID: 4, User ID: 35, Amount: 20000
[09-Sep-2026 16:26:41 Europe/Berlin] Loan found: Array
(
    [id] => 4
    [user_id] => 35
    [amount] => 30000.00
    [interest] => 0.00
    [total_payable] => 30000.00
    [duration_months] => 6
    [monthly_payment] => 5000.00
    [status] => approved
    [request_date] => 2026-09-09 14:25:26
    [approval_date] => 2026-09-09 15:26:01
    [completion_date] => 
    [updated_at] => 2026-09-09 15:26:01
    [total_paid] => 0.00
)

[09-Sep-2026 16:26:41 Europe/Berlin] Total paid: 20000, Remaining: 10000
[09-Sep-2026 16:26:53 Europe/Berlin] === LOAN PAYMENT REQUEST ===
[09-Sep-2026 16:26:53 Europe/Berlin] Method: OPTIONS
[09-Sep-2026 16:26:53 Europe/Berlin] Input: 
[09-Sep-2026 16:26:53 Europe/Berlin] === LOAN PAYMENT REQUEST ===
[09-Sep-2026 16:26:53 Europe/Berlin] Method: POST
[09-Sep-2026 16:26:53 Europe/Berlin] Input: Array
(
    [loan_id] => 4
    [user_id] => 35
    [amount] => 30000
    [payment_date] => 2026-09-09 14:26:53
    [note] => Payment for loan #4
)

[09-Sep-2026 16:26:53 Europe/Berlin] Payment Request - Loan ID: 4, User ID: 35, Amount: 30000
[09-Sep-2026 16:26:53 Europe/Berlin] Loan found: Array
(
    [id] => 4
    [user_id] => 35
    [amount] => 30000.00
    [interest] => 0.00
    [total_payable] => 30000.00
    [duration_months] => 6
    [monthly_payment] => 5000.00
    [status] => approved
    [request_date] => 2026-09-09 14:25:26
    [approval_date] => 2026-09-09 15:26:01
    [completion_date] => 
    [updated_at] => 2026-09-09 15:26:01
    [total_paid] => 0.00
)

[09-Sep-2026 16:26:53 Europe/Berlin] Total paid: 30000, Remaining: 0
[09-Sep-2026 16:27:14 Europe/Berlin] === LOAN PAYMENT REQUEST ===
[09-Sep-2026 16:27:14 Europe/Berlin] Method: OPTIONS
[09-Sep-2026 16:27:14 Europe/Berlin] Input: 
[09-Sep-2026 16:27:14 Europe/Berlin] === LOAN PAYMENT REQUEST ===
[09-Sep-2026 16:27:14 Europe/Berlin] Method: POST
[09-Sep-2026 16:27:14 Europe/Berlin] Input: Array
(
    [loan_id] => 4
    [user_id] => 35
    [amount] => 30000
    [payment_date] => 2026-09-09 14:27:14
    [note] => Payment for loan #4
)

[09-Sep-2026 16:27:14 Europe/Berlin] Payment Request - Loan ID: 4, User ID: 35, Amount: 30000
[09-Sep-2026 16:27:14 Europe/Berlin] Loan found: Array
(
    [id] => 4
    [user_id] => 35
    [amount] => 30000.00
    [interest] => 0.00
    [total_payable] => 30000.00
    [duration_months] => 6
    [monthly_payment] => 5000.00
    [status] => approved
    [request_date] => 2026-09-09 14:25:26
    [approval_date] => 2026-09-09 15:26:01
    [completion_date] => 
    [updated_at] => 2026-09-09 15:26:01
    [total_paid] => 0.00
)

[09-Sep-2026 16:27:14 Europe/Berlin] Total paid: 30000, Remaining: 0
[09-Sep-2026 16:27:43 Europe/Berlin] === LOAN PAYMENT REQUEST ===
[09-Sep-2026 16:27:43 Europe/Berlin] Method: OPTIONS
[09-Sep-2026 16:27:43 Europe/Berlin] Input: 
[09-Sep-2026 16:27:43 Europe/Berlin] === LOAN PAYMENT REQUEST ===
[09-Sep-2026 16:27:43 Europe/Berlin] Method: POST
[09-Sep-2026 16:27:43 Europe/Berlin] Input: Array
(
    [loan_id] => 4
    [user_id] => 35
    [amount] => 10000
    [payment_date] => 2026-09-09 14:27:43
    [note] => Payment for loan #4
)

[09-Sep-2026 16:27:43 Europe/Berlin] Payment Request - Loan ID: 4, User ID: 35, Amount: 10000
[09-Sep-2026 16:27:43 Europe/Berlin] Loan found: Array
(
    [id] => 4
    [user_id] => 35
    [amount] => 30000.00
    [interest] => 0.00
    [total_payable] => 30000.00
    [duration_months] => 6
    [monthly_payment] => 5000.00
    [status] => approved
    [request_date] => 2026-09-09 14:25:26
    [approval_date] => 2026-09-09 15:26:01
    [completion_date] => 
    [updated_at] => 2026-09-09 15:26:01
    [total_paid] => 0.00
)

[09-Sep-2026 16:27:43 Europe/Berlin] Total paid: 10000, Remaining: 20000
[09-Sep-2026 16:27:43 Europe/Berlin] Balance update affected 1 rows
[09-Sep-2026 16:27:43 Europe/Berlin] Payment record inserted with ID: 5
[09-Sep-2026 16:27:43 Europe/Berlin] Loan total_paid updated to: 10000
[09-Sep-2026 16:27:43 Europe/Berlin] New remaining: 20000
[09-Sep-2026 16:27:43 Europe/Berlin] New balance: 220000.00
[09-Sep-2026 16:28:13 Europe/Berlin] === LOAN PAYMENT REQUEST ===
[09-Sep-2026 16:28:13 Europe/Berlin] Method: OPTIONS
[09-Sep-2026 16:28:13 Europe/Berlin] Input: 
[09-Sep-2026 16:28:13 Europe/Berlin] === LOAN PAYMENT REQUEST ===
[09-Sep-2026 16:28:13 Europe/Berlin] Method: POST
[09-Sep-2026 16:28:13 Europe/Berlin] Input: Array
(
    [loan_id] => 4
    [user_id] => 35
    [amount] => 20000
    [payment_date] => 2026-09-09 14:28:13
    [note] => Payment for loan #4
)

[09-Sep-2026 16:28:13 Europe/Berlin] Payment Request - Loan ID: 4, User ID: 35, Amount: 20000
[09-Sep-2026 16:28:13 Europe/Berlin] Loan found: Array
(
    [id] => 4
    [user_id] => 35
    [amount] => 30000.00
    [interest] => 0.00
    [total_payable] => 30000.00
    [duration_months] => 6
    [monthly_payment] => 5000.00
    [status] => approved
    [request_date] => 2026-09-09 14:25:26
    [approval_date] => 2026-09-09 15:26:01
    [completion_date] => 
    [updated_at] => 2026-09-09 15:27:43
    [total_paid] => 10000.00
)

[09-Sep-2026 16:28:13 Europe/Berlin] Total paid: 30000, Remaining: 0
[09-Sep-2026 16:28:26 Europe/Berlin] === LOAN PAYMENT REQUEST ===
[09-Sep-2026 16:28:26 Europe/Berlin] Method: OPTIONS
[09-Sep-2026 16:28:26 Europe/Berlin] Input: 
[09-Sep-2026 16:28:26 Europe/Berlin] === LOAN PAYMENT REQUEST ===
[09-Sep-2026 16:28:26 Europe/Berlin] Method: POST
[09-Sep-2026 16:28:26 Europe/Berlin] Input: Array
(
    [loan_id] => 4
    [user_id] => 35
    [amount] => 10000
    [payment_date] => 2026-09-09 14:28:26
    [note] => Payment for loan #4
)

[09-Sep-2026 16:28:26 Europe/Berlin] Payment Request - Loan ID: 4, User ID: 35, Amount: 10000
[09-Sep-2026 16:28:26 Europe/Berlin] Loan found: Array
(
    [id] => 4
    [user_id] => 35
    [amount] => 30000.00
    [interest] => 0.00
    [total_payable] => 30000.00
    [duration_months] => 6
    [monthly_payment] => 5000.00
    [status] => approved
    [request_date] => 2026-09-09 14:25:26
    [approval_date] => 2026-09-09 15:26:01
    [completion_date] => 
    [updated_at] => 2026-09-09 15:27:43
    [total_paid] => 10000.00
)

[09-Sep-2026 16:28:26 Europe/Berlin] Total paid: 20000, Remaining: 10000
[09-Sep-2026 16:28:26 Europe/Berlin] Balance update affected 1 rows
[09-Sep-2026 16:28:26 Europe/Berlin] Payment record inserted with ID: 6
[09-Sep-2026 16:28:26 Europe/Berlin] Loan total_paid updated to: 20000
[09-Sep-2026 16:28:26 Europe/Berlin] New remaining: 10000
[09-Sep-2026 16:28:26 Europe/Berlin] New balance: 210000.00
[09-Sep-2026 16:28:42 Europe/Berlin] === LOAN PAYMENT REQUEST ===
[09-Sep-2026 16:28:42 Europe/Berlin] Method: OPTIONS
[09-Sep-2026 16:28:42 Europe/Berlin] Input: 
[09-Sep-2026 16:28:42 Europe/Berlin] === LOAN PAYMENT REQUEST ===
[09-Sep-2026 16:28:42 Europe/Berlin] Method: POST
[09-Sep-2026 16:28:42 Europe/Berlin] Input: Array
(
    [loan_id] => 4
    [user_id] => 35
    [amount] => 10000
    [payment_date] => 2026-09-09 14:28:42
    [note] => Payment for loan #4
)

[09-Sep-2026 16:28:42 Europe/Berlin] Payment Request - Loan ID: 4, User ID: 35, Amount: 10000
[09-Sep-2026 16:28:42 Europe/Berlin] Loan found: Array
(
    [id] => 4
    [user_id] => 35
    [amount] => 30000.00
    [interest] => 0.00
    [total_payable] => 30000.00
    [duration_months] => 6
    [monthly_payment] => 5000.00
    [status] => approved
    [request_date] => 2026-09-09 14:25:26
    [approval_date] => 2026-09-09 15:26:01
    [completion_date] => 
    [updated_at] => 2026-09-09 15:28:26
    [total_paid] => 20000.00
)

[09-Sep-2026 16:28:42 Europe/Berlin] Total paid: 30000, Remaining: 0
[09-Sep-2026 16:28:52 Europe/Berlin] === LOAN PAYMENT REQUEST ===
[09-Sep-2026 16:28:52 Europe/Berlin] Method: OPTIONS
[09-Sep-2026 16:28:52 Europe/Berlin] Input: 
[09-Sep-2026 16:28:52 Europe/Berlin] === LOAN PAYMENT REQUEST ===
[09-Sep-2026 16:28:52 Europe/Berlin] Method: POST
[09-Sep-2026 16:28:52 Europe/Berlin] Input: Array
(
    [loan_id] => 4
    [user_id] => 35
    [amount] => 10000
    [payment_date] => 2026-09-09 14:28:52
    [note] => Payment for loan #4
)

[09-Sep-2026 16:28:52 Europe/Berlin] Payment Request - Loan ID: 4, User ID: 35, Amount: 10000
[09-Sep-2026 16:28:52 Europe/Berlin] Loan found: Array
(
    [id] => 4
    [user_id] => 35
    [amount] => 30000.00
    [interest] => 0.00
    [total_payable] => 30000.00
    [duration_months] => 6
    [monthly_payment] => 5000.00
    [status] => approved
    [request_date] => 2026-09-09 14:25:26
    [approval_date] => 2026-09-09 15:26:01
    [completion_date] => 
    [updated_at] => 2026-09-09 15:28:26
    [total_paid] => 20000.00
)

[09-Sep-2026 16:28:52 Europe/Berlin] Total paid: 30000, Remaining: 0
[09-Sep-2026 16:32:11 Europe/Berlin] === LOAN PAYMENT REQUEST ===
[09-Sep-2026 16:32:11 Europe/Berlin] Method: OPTIONS
[09-Sep-2026 16:32:11 Europe/Berlin] Input: 
[09-Sep-2026 16:32:12 Europe/Berlin] === LOAN PAYMENT REQUEST ===
[09-Sep-2026 16:32:12 Europe/Berlin] Method: POST
[09-Sep-2026 16:32:12 Europe/Berlin] Input: Array
(
    [loan_id] => 4
    [user_id] => 35
    [amount] => 10000
    [payment_date] => 2026-09-09 14:32:11
    [note] => Payment for loan #4
)

[09-Sep-2026 16:32:12 Europe/Berlin] Payment Request - Loan ID: 4, User ID: 35, Amount: 10000
[09-Sep-2026 16:32:12 Europe/Berlin] Loan found: Array
(
    [id] => 4
    [user_id] => 35
    [amount] => 30000.00
    [interest] => 0.00
    [total_payable] => 30000.00
    [duration_months] => 6
    [monthly_payment] => 5000.00
    [status] => approved
    [request_date] => 2026-09-09 14:25:26
    [approval_date] => 2026-09-09 15:26:01
    [completion_date] => 
    [updated_at] => 2026-09-09 15:28:26
    [total_paid] => 20000.00
)

[09-Sep-2026 16:32:12 Europe/Berlin] Total paid: 30000, Remaining: 0
[09-Sep-2026 16:32:29 Europe/Berlin] === LOAN PAYMENT REQUEST ===
[09-Sep-2026 16:32:29 Europe/Berlin] Method: OPTIONS
[09-Sep-2026 16:32:29 Europe/Berlin] Input: 
[09-Sep-2026 16:32:29 Europe/Berlin] === LOAN PAYMENT REQUEST ===
[09-Sep-2026 16:32:29 Europe/Berlin] Method: POST
[09-Sep-2026 16:32:29 Europe/Berlin] Input: Array
(
    [loan_id] => 4
    [user_id] => 35
    [amount] => 10000
    [payment_date] => 2026-09-09 14:32:29
    [note] => Payment for loan #4
)

[09-Sep-2026 16:32:29 Europe/Berlin] Payment Request - Loan ID: 4, User ID: 35, Amount: 10000
[09-Sep-2026 16:32:29 Europe/Berlin] Loan found: Array
(
    [id] => 4
    [user_id] => 35
    [amount] => 30000.00
    [interest] => 0.00
    [total_payable] => 30000.00
    [duration_months] => 6
    [monthly_payment] => 5000.00
    [status] => approved
    [request_date] => 2026-09-09 14:25:26
    [approval_date] => 2026-09-09 15:26:01
    [completion_date] => 
    [updated_at] => 2026-09-09 15:28:26
    [total_paid] => 20000.00
)

[09-Sep-2026 16:32:29 Europe/Berlin] Total paid: 30000, Remaining: 0
[09-Sep-2026 16:34:38 Europe/Berlin] === LOAN PAYMENT REQUEST ===
[09-Sep-2026 16:34:38 Europe/Berlin] Method: OPTIONS
[09-Sep-2026 16:34:38 Europe/Berlin] Input: 
[09-Sep-2026 16:34:38 Europe/Berlin] === LOAN PAYMENT REQUEST ===
[09-Sep-2026 16:34:38 Europe/Berlin] Method: POST
[09-Sep-2026 16:34:38 Europe/Berlin] Input: Array
(
    [loan_id] => 4
    [user_id] => 35
    [amount] => 10000
    [payment_date] => 2026-09-09 14:34:38
    [note] => Payment for loan #4
)

[09-Sep-2026 16:34:38 Europe/Berlin] Payment Request - Loan ID: 4, User ID: 35, Amount: 10000
[09-Sep-2026 16:34:38 Europe/Berlin] Loan found: Array
(
    [id] => 4
    [user_id] => 35
    [amount] => 30000.00
    [interest] => 0.00
    [total_payable] => 30000.00
    [duration_months] => 6
    [monthly_payment] => 5000.00
    [status] => approved
    [request_date] => 2026-09-09 14:25:26
    [approval_date] => 2026-09-09 15:26:01
    [completion_date] => 
    [updated_at] => 2026-09-09 15:28:26
    [total_paid] => 20000.00
)

[09-Sep-2026 16:34:38 Europe/Berlin] Current total paid: 20000
[09-Sep-2026 16:34:38 Europe/Berlin] Total payable: 30000
[09-Sep-2026 16:34:38 Europe/Berlin] Remaining: 10000
[09-Sep-2026 16:34:38 Europe/Berlin] New payment amount: 10000
[09-Sep-2026 16:34:38 Europe/Berlin] Balance update affected 1 rows
[09-Sep-2026 16:34:38 Europe/Berlin] Payment record inserted with ID: 7
[09-Sep-2026 16:34:38 Europe/Berlin] Loan total_paid updated from 20000 to 30000
[09-Sep-2026 16:34:38 Europe/Berlin] New remaining: 0
[09-Sep-2026 16:34:38 Europe/Berlin] Loan status updated to completed
[09-Sep-2026 16:34:38 Europe/Berlin] New balance: 200000.00
[10-Sep-2026 07:39:26 Europe/Berlin] PHP Fatal error:  Uncaught Error: Call to undefined method PDOStatement::close() in C:\xampp\htdocs\baleeg\api\members.php:490
Stack trace:
#0 C:\xampp\htdocs\baleeg\api\members.php(76): updateMember(Object(PDO), '35')
#1 {main}
  thrown in C:\xampp\htdocs\baleeg\api\members.php on line 490
[10-Sep-2026 07:40:12 Europe/Berlin] PHP Fatal error:  Uncaught Error: Call to undefined method PDOStatement::close() in C:\xampp\htdocs\baleeg\api\members.php:490
Stack trace:
#0 C:\xampp\htdocs\baleeg\api\members.php(76): updateMember(Object(PDO), '35')
#1 {main}
  thrown in C:\xampp\htdocs\baleeg\api\members.php on line 490
[10-Sep-2026 07:40:23 Europe/Berlin] PHP Fatal error:  Uncaught Error: Call to undefined method PDOStatement::close() in C:\xampp\htdocs\baleeg\api\members.php:490
Stack trace:
#0 C:\xampp\htdocs\baleeg\api\members.php(76): updateMember(Object(PDO), '35')
#1 {main}
  thrown in C:\xampp\htdocs\baleeg\api\members.php on line 490
[10-Sep-2026 10:39:06 Europe/Berlin] === LOAN PAYMENT REQUEST ===
[10-Sep-2026 10:39:06 Europe/Berlin] Method: OPTIONS
[10-Sep-2026 10:39:06 Europe/Berlin] Input: 
[10-Sep-2026 10:39:06 Europe/Berlin] === LOAN PAYMENT REQUEST ===
[10-Sep-2026 10:39:06 Europe/Berlin] Method: POST
[10-Sep-2026 10:39:06 Europe/Berlin] Input: Array
(
    [loan_id] => 5
    [user_id] => 35
    [amount] => 35000
    [payment_date] => 2026-09-10 08:39:06
    [note] => Payment for loan #5
)

[10-Sep-2026 10:39:06 Europe/Berlin] Payment Request - Loan ID: 5, User ID: 35, Amount: 35000
[10-Sep-2026 10:39:06 Europe/Berlin] Loan found: Array
(
    [id] => 5
    [user_id] => 35
    [amount] => 35000.00
    [interest] => 0.00
    [total_payable] => 35000.00
    [duration_months] => 6
    [monthly_payment] => 5833.33
    [status] => approved
    [request_date] => 2026-09-09 14:51:22
    [approval_date] => 2026-09-09 15:51:53
    [completion_date] => 
    [updated_at] => 2026-09-09 15:51:53
    [total_paid] => 0.00
)

[10-Sep-2026 10:39:06 Europe/Berlin] Current total paid: 0
[10-Sep-2026 10:39:06 Europe/Berlin] Total payable: 35000
[10-Sep-2026 10:39:06 Europe/Berlin] Remaining: 35000
[10-Sep-2026 10:39:06 Europe/Berlin] New payment amount: 35000
[10-Sep-2026 10:39:06 Europe/Berlin] Balance update affected 1 rows
[10-Sep-2026 10:39:06 Europe/Berlin] Payment record inserted with ID: 8
[10-Sep-2026 10:39:06 Europe/Berlin] Loan total_paid updated from 0 to 35000
[10-Sep-2026 10:39:06 Europe/Berlin] New remaining: 0
[10-Sep-2026 10:39:06 Europe/Berlin] Loan status updated to completed
[10-Sep-2026 10:39:06 Europe/Berlin] New balance: -35000.00
[13-Sep-2026 12:09:07 Europe/Berlin] PUT raw input: {"role":"manager","operations":["view_dashboard"]}
[13-Sep-2026 12:09:07 Europe/Berlin] PUT decoded: Array
(
    [role] => manager
    [operations] => Array
        (
            [0] => view_dashboard
        )

)

[13-Sep-2026 12:09:07 Europe/Berlin] PUT role=manager, operations count=1, encoded=["view_dashboard"]
[13-Sep-2026 12:09:16 Europe/Berlin] PUT raw input: {"role":"manager","operations":["view_dashboard","view_broadsheet"]}
[13-Sep-2026 12:09:16 Europe/Berlin] PUT decoded: Array
(
    [role] => manager
    [operations] => Array
        (
            [0] => view_dashboard
            [1] => view_broadsheet
        )

)

[13-Sep-2026 12:09:16 Europe/Berlin] PUT role=manager, operations count=2, encoded=["view_dashboard","view_broadsheet"]
[13-Sep-2026 12:10:34 Europe/Berlin] PUT raw input: {"role":"manager","operations":["view_dashboard"]}
[13-Sep-2026 12:10:34 Europe/Berlin] PUT decoded: Array
(
    [role] => manager
    [operations] => Array
        (
            [0] => view_dashboard
        )

)

[13-Sep-2026 12:10:34 Europe/Berlin] PUT role=manager, operations count=1, encoded=["view_dashboard"]
[13-Sep-2026 12:11:41 Europe/Berlin] PUT raw input: {"role":"manager","operations":["view_dashboard","view_broadsheet","view_reports","view_transactions","approve_transactions","reject_transactions","create_deposit","create_withdrawal","create_transfer","view_history","create_member","edit_member","delete_member","assign_role","manage_staff","manage_permissions","manage_settings","view_expenses"]}
[13-Sep-2026 12:11:41 Europe/Berlin] PUT decoded: Array
(
    [role] => manager
    [operations] => Array
        (
            [0] => view_dashboard
            [1] => view_broadsheet
            [2] => view_reports
            [3] => view_transactions
            [4] => approve_transactions
            [5] => reject_transactions
            [6] => create_deposit
            [7] => create_withdrawal
            [8] => create_transfer
            [9] => view_history
            [10] => create_member
            [11] => edit_member
            [12] => delete_member
            [13] => assign_role
            [14] => manage_staff
            [15] => manage_permissions
            [16] => manage_settings
            [17] => view_expenses
        )

)

[13-Sep-2026 12:11:41 Europe/Berlin] PUT role=manager, operations count=18, encoded=["view_dashboard","view_broadsheet","view_reports","view_transactions","approve_transactions","reject_transactions","create_deposit","create_withdrawal","create_transfer","view_history","create_member","edit_member","delete_member","assign_role","manage_staff","manage_permissions","manage_settings","view_expenses"]
[13-Sep-2026 12:12:51 Europe/Berlin] PUT raw input: {"role":"manager","operations":["view_dashboard","create_deposit","create_withdrawal","create_transfer","view_expenses"]}
[13-Sep-2026 12:12:51 Europe/Berlin] PUT decoded: Array
(
    [role] => manager
    [operations] => Array
        (
            [0] => view_dashboard
            [1] => create_deposit
            [2] => create_withdrawal
            [3] => create_transfer
            [4] => view_expenses
        )

)

[13-Sep-2026 12:12:51 Europe/Berlin] PUT role=manager, operations count=5, encoded=["view_dashboard","create_deposit","create_withdrawal","create_transfer","view_expenses"]
[13-Sep-2026 12:15:24 Europe/Berlin] PUT raw input: {"role":"manager","operations":["view_dashboard","create_deposit","create_withdrawal","create_transfer","view_expenses","view_history","view_broadsheet","view_reports","create_member"]}
[13-Sep-2026 12:15:24 Europe/Berlin] PUT decoded: Array
(
    [role] => manager
    [operations] => Array
        (
            [0] => view_dashboard
            [1] => create_deposit
            [2] => create_withdrawal
            [3] => create_transfer
            [4] => view_expenses
            [5] => view_history
            [6] => view_broadsheet
            [7] => view_reports
            [8] => create_member
        )

)

[13-Sep-2026 12:15:24 Europe/Berlin] PUT role=manager, operations count=9, encoded=["view_dashboard","create_deposit","create_withdrawal","create_transfer","view_expenses","view_history","view_broadsheet","view_reports","create_member"]
